=============================== run ===================
E:\iti (4 Monthes) frontend\day41 Source Control\Lab\ITI-git-test>node helloWorld
Name is HAGAR , and age is 22
Hello World

E:\iti (4 Monthes) frontend\day41 Source Control\Lab\ITI-git-test>node helloITI
Name is HAGAR , and age is 22
Hello ITI









============================= git commands =================================
aqsa@DESKTOP-516NMCM MINGW64 /e/iti (4 Monthes) frontend/day41 Source Control/Lab/ITI-git-test (main)
$ git status
On branch main
Your branch is up to date with 'origin/main'.

Untracked files:
  (use "git add <file>..." to include in what will be committed)
        helloITI.js
        helloWorld.js

nothing added to commit but untracked files present (use "git add" to track)

aqsa@DESKTOP-516NMCM MINGW64 /e/iti (4 Monthes) frontend/day41 Source Control/Lab/ITI-git-test (main)
$ git add .

aqsa@DESKTOP-516NMCM MINGW64 /e/iti (4 Monthes) frontend/day41 Source Control/Lab/ITI-git-test (main)
$ git commit -m "hello world done"
[main ce9aadb] hello world done
 2 files changed, 16 insertions(+)
 create mode 100644 helloITI.js
 create mode 100644 helloWorld.js

aqsa@DESKTOP-516NMCM MINGW64 /e/iti (4 Monthes) frontend/day41 Source Control/Lab/ITI-git-test (main)
$ git push origin main
Enumerating objects: 5, done.
Counting objects: 100% (5/5), done.
Delta compression using up to 8 threads
Compressing objects: 100% (3/3), done.
Writing objects: 100% (4/4), 496 bytes | 496.00 KiB/s, done.
Total 4 (delta 0), reused 0 (delta 0), pack-reused 0
To https://github.com/hagar1010/ITI-git-test.git
   d0cd764..ce9aadb  main -> main

aqsa@DESKTOP-516NMCM MINGW64 /e/iti (4 Monthes) frontend/day41 Source Control/Lab/ITI-git-test (main)
$ git status
On branch main
Your branch is up to date with 'origin/main'.

Untracked files:
  (use "git add <file>..." to include in what will be committed)
        test.txt

nothing added to commit but untracked files present (use "git add" to track)

aqsa@DESKTOP-516NMCM MINGW64 /e/iti (4 Monthes) frontend/day41 Source Control/Lab/ITI-git-test (main)
$ git add .

aqsa@DESKTOP-516NMCM MINGW64 /e/iti (4 Monthes) frontend/day41 Source Control/Lab/ITI-git-test (main)
$ git commit -m "test.txt done"
[main cdda8b2] test.txt done
 1 file changed, 63 insertions(+)
 create mode 100644 test.txt

aqsa@DESKTOP-516NMCM MINGW64 /e/iti (4 Monthes) frontend/day41 Source Control/Lab/ITI-git-test (main)
$ git status
On branch main
Your branch is ahead of 'origin/main' by 1 commit.
  (use "git push" to publish your local commits)

Changes not staged for commit:
  (use "git add <file>..." to update what will be committed)
  (use "git restore <file>..." to discard changes in working directory)
        modified:   test.txt

no changes added to commit (use "git add" and/or "git commit -a")

aqsa@DESKTOP-516NMCM MINGW64 /e/iti (4 Monthes) frontend/day41 Source Control/Lab/ITI-git-test (main)
$ git add .

aqsa@DESKTOP-516NMCM MINGW64 /e/iti (4 Monthes) frontend/day41 Source Control/Lab/ITI-git-test (main)
$ git commit -m "test.txt update"
[main 58d647c] test.txt update
 1 file changed, 18 insertions(+)

aqsa@DESKTOP-516NMCM MINGW64 /e/iti (4 Monthes) frontend/day41 Source Control/Lab/ITI-git-test (main)
$ git status\
>
On branch main
Your branch is ahead of 'origin/main' by 2 commits.
  (use "git push" to publish your local commits)

Changes not staged for commit:
  (use "git add <file>..." to update what will be committed)
  (use "git restore <file>..." to discard changes in working directory)
        modified:   helloWorld.js

no changes added to commit (use "git add" and/or "git commit -a")

aqsa@DESKTOP-516NMCM MINGW64 /e/iti (4 Monthes) frontend/day41 Source Control/Lab/ITI-git-test (main)
$ git push origin main
Enumerating objects: 7, done.
Counting objects: 100% (7/7), done.
Delta compression using up to 8 threads
Compressing objects: 100% (6/6), done.
Writing objects: 100% (6/6), 1.20 KiB | 1.20 MiB/s, done.
Total 6 (delta 3), reused 0 (delta 0), pack-reused 0
remote: Resolving deltas: 100% (3/3), completed with 1 local object.
To https://github.com/hagar1010/ITI-git-test.git
   1721bbf..58d647c  main -> main

aqsa@DESKTOP-516NMCM MINGW64 /e/iti (4 Monthes) frontend/day41 Source Control/Lab/ITI-git-test (main)
$ git add .

aqsa@DESKTOP-516NMCM MINGW64 /e/iti (4 Monthes) frontend/day41 Source Control/Lab/ITI-git-test (main)
$ git commit -m "hello java update"
[main 2511430] hello java update
 1 file changed, 3 insertions(+), 3 deletions(-)

aqsa@DESKTOP-516NMCM MINGW64 /e/iti (4 Monthes) frontend/day41 Source Control/Lab/ITI-git-test (main)
$ git commit
On branch main
Your branch is ahead of 'origin/main' by 1 commit.
  (use "git push" to publish your local commits)

nothing to commit, working tree clean

aqsa@DESKTOP-516NMCM MINGW64 /e/iti (4 Monthes) frontend/day41 Source Control/Lab/ITI-git-test (main)
$ git push origin main
Enumerating objects: 5, done.
Counting objects: 100% (5/5), done.
Delta compression using up to 8 threads
Compressing objects: 100% (3/3), done.
Writing objects: 100% (3/3), 306 bytes | 306.00 KiB/s, done.
Total 3 (delta 2), reused 0 (delta 0), pack-reused 0
remote: Resolving deltas: 100% (2/2), completed with 2 local objects.
To https://github.com/hagar1010/ITI-git-test.git
   58d647c..2511430  main -> main

aqsa@DESKTOP-516NMCM MINGW64 /e/iti (4 Monthes) frontend/day41 Source Control/Lab/ITI-git-test (main)
$ git add .

aqsa@DESKTOP-516NMCM MINGW64 /e/iti (4 Monthes) frontend/day41 Source Control/Lab/ITI-git-test (main)
$ git commit -m "hello git"
[main 0d5fcd4] hello git
 1 file changed, 14 insertions(+), 10 deletions(-)

aqsa@DESKTOP-516NMCM MINGW64 /e/iti (4 Monthes) frontend/day41 Source Control/Lab/ITI-git-test (main)
$ git push origin main
Enumerating objects: 5, done.
Counting objects: 100% (5/5), done.
Delta compression using up to 8 threads
Compressing objects: 100% (3/3), done.
Writing objects: 100% (3/3), 374 bytes | 374.00 KiB/s, done.
Total 3 (delta 2), reused 0 (delta 0), pack-reused 0
remote: Resolving deltas: 100% (2/2), completed with 2 local objects.
To https://github.com/hagar1010/ITI-git-test.git
   2511430..0d5fcd4  main -> main

aqsa@DESKTOP-516NMCM MINGW64 /e/iti (4 Monthes) frontend/day41 Source Control/Lab/ITI-git-test (main)
$ git add .

aqsa@DESKTOP-516NMCM MINGW64 /e/iti (4 Monthes) frontend/day41 Source Control/Lab/ITI-git-test (main)
$ git commit -m "enhanced"
[main 551a615] enhanced
 1 file changed, 1 insertion(+), 1 deletion(-)

aqsa@DESKTOP-516NMCM MINGW64 /e/iti (4 Monthes) frontend/day41 Source Control/Lab/ITI-git-test (main)
$ git add .

aqsa@DESKTOP-516NMCM MINGW64 /e/iti (4 Monthes) frontend/day41 Source Control/Lab/ITI-git-test (main)
$ git commit -m "correct class name"
[main 94f6ef7] correct class name
 1 file changed, 3 insertions(+), 11 deletions(-)

aqsa@DESKTOP-516NMCM MINGW64 /e/iti (4 Monthes) frontend/day41 Source Control/Lab/ITI-git-test (main)
$ git log
commit 94f6ef7f363aaa695a1064370669bb578dfb4b96 (HEAD -> main)
Author: hagar-gamal <hagar28gamal@gmail.com>
Date:   Sun May 18 12:47:27 2025 +0300

    correct class name

commit 551a61536467ac3ae05bf1d8354d6d8d08b3e952
Author: hagar-gamal <hagar28gamal@gmail.com>
Date:   Sun May 18 12:45:37 2025 +0300

    enhanced

commit 0d5fcd4529fcca9d41c63cacbe2132ca1ee934e4 (origin/main, origin/HEAD)
Author: hagar-gamal <hagar28gamal@gmail.com>
Date:   Sun May 18 12:45:13 2025 +0300

    hello git

commit 251143028c1665b9a98bf59e2f42e80d0908e3b5
Author: hagar-gamal <hagar28gamal@gmail.com>
Date:   Sun May 18 12:43:38 2025 +0300

    hello java update

commit 58d647c7ce2b688c833ee05e1a6b8ef664fb75e6
Author: hagar-gamal <hagar28gamal@gmail.com>
Date:   Sun May 18 12:40:26 2025 +0300

    test.txt update

commit cdda8b2565a71c98bf598950ac94762746762b27
Author: hagar-gamal <hagar28gamal@gmail.com>
Date:   Sun May 18 12:36:58 2025 +0300

    test.txt done

commit 1721bbf2d0d4c1aeb033322aa1140adebea28255
Author: hagar-gamal <hagar28gamal@gmail.com>
Date:   Sun May 18 12:35:45 2025 +0300

:

commit 251143028c1665b9a98bf59e2f42e80d0908e3b5
Author: hagar-gamal <hagar28gamal@gmail.com>
Date:   Sun May 18 12:43:38 2025 +0300

    hello java update

commit 58d647c7ce2b688c833ee05e1a6b8ef664fb75e6
Author: hagar-gamal <hagar28gamal@gmail.com>
Date:   Sun May 18 12:40:26 2025 +0300

    test.txt update

commit cdda8b2565a71c98bf598950ac94762746762b27
Author: hagar-gamal <hagar28gamal@gmail.com>
Date:   Sun May 18 12:36:58 2025 +0300

    test.txt done

commit 1721bbf2d0d4c1aeb033322aa1140adebea28255
Author: hagar-gamal <hagar28gamal@gmail.com>
Date:   Sun May 18 12:35:45 2025 +0300

    hello ITI done

commit ce9aadbf4946cac0c3f3f2de52a1753b91c9ebc2
Author: hagar-gamal <hagar28gamal@gmail.com>
Date:   Sun May 18 12:34:04 2025 +0300

    hello world done
:

commit 251143028c1665b9a98bf59e2f42e80d0908e3b5
Author: hagar-gamal <hagar28gamal@gmail.com>
Date:   Sun May 18 12:43:38 2025 +0300

    hello java update

commit 58d647c7ce2b688c833ee05e1a6b8ef664fb75e6
Author: hagar-gamal <hagar28gamal@gmail.com>
Date:   Sun May 18 12:40:26 2025 +0300

    test.txt update

commit cdda8b2565a71c98bf598950ac94762746762b27
Author: hagar-gamal <hagar28gamal@gmail.com>
Date:   Sun May 18 12:36:58 2025 +0300

    test.txt done

commit 1721bbf2d0d4c1aeb033322aa1140adebea28255
Author: hagar-gamal <hagar28gamal@gmail.com>
Date:   Sun May 18 12:35:45 2025 +0300

    hello ITI done

commit ce9aadbf4946cac0c3f3f2de52a1753b91c9ebc2
Author: hagar-gamal <hagar28gamal@gmail.com>
Date:   Sun May 18 12:34:04 2025 +0300

    hello world done

commit d0cd764af545e0e457087df9967c3f1609f21b89
Author: hagar1010 <92114555+hagar1010@users.noreply.github.com>
Date:   Sun May 18 12:17:21 2025 +0300

    Initial commit
~
~
~
~
~
~
~
~
~
~
~
~
~
~
~
~
~
~
~
~
(END)

commit 251143028c1665b9a98bf59e2f42e80d0908e3b5
Author: hagar-gamal <hagar28gamal@gmail.com>
Date:   Sun May 18 12:43:38 2025 +0300

    hello java update

commit 58d647c7ce2b688c833ee05e1a6b8ef664fb75e6
Author: hagar-gamal <hagar28gamal@gmail.com>
Date:   Sun May 18 12:40:26 2025 +0300

    test.txt update

commit cdda8b2565a71c98bf598950ac94762746762b27
Author: hagar-gamal <hagar28gamal@gmail.com>
Date:   Sun May 18 12:36:58 2025 +0300

    test.txt done

commit 1721bbf2d0d4c1aeb033322aa1140adebea28255
Author: hagar-gamal <hagar28gamal@gmail.com>
Date:   Sun May 18 12:35:45 2025 +0300

    hello ITI done

commit ce9aadbf4946cac0c3f3f2de52a1753b91c9ebc2
Author: hagar-gamal <hagar28gamal@gmail.com>
Date:   Sun May 18 12:34:04 2025 +0300

    hello world done

commit d0cd764af545e0e457087df9967c3f1609f21b89
Author: hagar1010 <92114555+hagar1010@users.noreply.github.com>
Date:   Sun May 18 12:17:21 2025 +0300

    Initial commit
~
